// Jest Snapshot v1, https://goo.gl/fbAQLP

exports[`loads DriverProvider 1`] = `<div />`;

exports[`loads Render (with output) 1`] = `
<span>
  Hello
</span>
`;
